// Jest Snapshot v1, https://goo.gl/fbAQLP

exports[`Login Layout create snapshot 1`] = `
<div
  className="login"
/>
`;
