// Jest Snapshot v1, https://goo.gl/fbAQLP

exports[`button create snapshot 1`] = `<button />`;
