// Jest Snapshot v1, https://goo.gl/fbAQLP

exports[`form create snapshot 1`] = `<form />`;
